#
# There is insufficient memory for the Java Runtime Environment to continue.
# Native memory allocation (malloc) failed to allocate 1048576 bytes. Error detail: AllocateHeap
# Possible reasons:
#   The system is out of physical RAM or swap space
#   This process is running with CompressedOops enabled, and the Java Heap may be blocking the growth of the native heap
# Possible solutions:
#   Reduce memory load on the system
#   Increase physical memory or swap space
#   Check if swap backing store is full
#   Decrease Java heap size (-Xmx/-Xms)
#   Decrease number of Java threads
#   Decrease Java thread stack sizes (-Xss)
#   Set larger code cache with -XX:ReservedCodeCacheSize=
#   JVM is running with Unscaled Compressed Oops mode in which the Java heap is
#     placed in the first 4GB address space. The Java Heap base address is the
#     maximum limit for the native heap growth. Please use -XX:HeapBaseMinAddress
#     to set the Java Heap base and to place the Java Heap above 4GB virtual address.
# This output file may be truncated or incomplete.
#
#  Out of Memory Error (allocation.cpp:44), pid=20404, tid=22328
#
# JRE version:  (21.0.3+13) (build )
# Java VM: OpenJDK 64-Bit Server VM (21.0.3+13-b509.15, mixed mode, sharing, tiered, compressed oops, compressed class ptrs, g1 gc, windows-amd64)
# No core dump will be written. Minidumps are not enabled by default on client versions of Windows
#

---------------  S U M M A R Y ------------

Command Line: git4idea.http.GitAskPassApp Username for 'https://github.com': 

Host: AMD Ryzen 9 7940HX with Radeon Graphics        , 32 cores, 15G,  Windows 11 , 64 bit Build 26100 (10.0.26100.8328)
Time: Thu May 14 19:30:41 2026 Est (heure d, 64 bit Build 26100 (10.0.26100.8328) elapsed time: 0.013863 seconds (0d 0h 0m 0s)

---------------  T H R E A D  ---------------

Current thread (0x0000016e44193470):  JavaThread "Unknown thread" [_thread_in_vm, id=22328, stack(0x000000427b600000,0x000000427b700000) (1024K)]

Stack: [0x000000427b600000,0x000000427b700000]
Native frames: (J=compiled Java code, j=interpreted, Vv=VM code, C=native code)
V  [jvm.dll+0x6e02f9]
V  [jvm.dll+0x8bd383]
V  [jvm.dll+0x8bf8de]
V  [jvm.dll+0x8bffc3]
V  [jvm.dll+0x2879c6]
V  [jvm.dll+0xc0827]
V  [jvm.dll+0x32ff05]
V  [jvm.dll+0x8845ad]
V  [jvm.dll+0x3c5f38]
V  [jvm.dll+0x86d80d]
V  [jvm.dll+0x45ab9e]
V  [jvm.dll+0x45c771]
C  [jli.dll+0x52ab]
C  [ucrtbase.dll+0x37b0]
C  [KERNEL32.DLL+0x2e957]
C  [ntdll.dll+0x427c]


---------------  P R O C E S S  ---------------

Threads class SMR info:
_java_thread_list=0x00007ffdce21d108, length=0, elements={
}

Java Threads: ( => current thread )
Total: 0

Other Threads:

=>0x0000016e44193470 (exited) JavaThread "Unknown thread"    [_thread_in_vm, id=22328, stack(0x000000427b600000,0x000000427b700000) (1024K)]
Total: 1

Threads with active compile tasks:
Total: 0

VM state: not at safepoint (not fully initialized)

VM Mutex/Monitor currently owned by a thread: None

Heap address: 0x0000000000000000, size: 0 MB, Compressed Oops mode: 32-bit

CDS archive(s) mapped at: [0x0000000000000000-0x0000000000000000-0x0000000000000000), size 0, SharedBaseAddress: 0x0000000800000000, ArchiveRelocationMode: 1.
Narrow klass base: 0x0000000000000000, Narrow klass shift: 0, Narrow klass range: 0x0

GC Precious Log:
 CardTable entry size: 512
 Card Set container configuration: InlinePtr #cards 4 size 8 Array Of Cards #cards 16 size 48 Howl #buckets 8 coarsen threshold 3686 Howl Bitmap #cards 512 size 80 coarsen threshold 460 Card regions per heap region 1 cards per card region 4096

GC Heap History (0 events):
No events

Dll operation events (1 events):
Event: 0.009 Loaded shared library C:\Program Files\JetBrains\PyCharm Community Edition 2024.2.2\jbr\bin\java.dll

Deoptimization events (0 events):
No events

Classes loaded (0 events):
No events

Classes unloaded (0 events):
No events

Classes redefined (0 events):
No events

Internal exceptions (0 events):
No events

ZGC Phase Switch (0 events):
No events

VM Operations (0 events):
No events

Events (0 events):
No events


Dynamic libraries:
0x00007ff65c3e0000 - 0x00007ff65c3ea000 	C:\Program Files\JetBrains\PyCharm Community Edition 2024.2.2\jbr\bin\java.exe
0x00007ffed9900000 - 0x00007ffed9b67000 	C:\WINDOWS\SYSTEM32\ntdll.dll
0x00007ffed8b40000 - 0x00007ffed8c09000 	C:\WINDOWS\System32\KERNEL32.DLL
0x00007ffed6ea0000 - 0x00007ffed7297000 	C:\WINDOWS\System32\KERNELBASE.dll
0x00007ffed6d50000 - 0x00007ffed6e9b000 	C:\WINDOWS\System32\ucrtbase.dll
0x00007ffec6b00000 - 0x00007ffec6b1b000 	C:\Program Files\JetBrains\PyCharm Community Edition 2024.2.2\jbr\bin\VCRUNTIME140.dll
0x00007ffeb8fb0000 - 0x00007ffeb8fc8000 	C:\Program Files\JetBrains\PyCharm Community Edition 2024.2.2\jbr\bin\jli.dll
0x00007ffed7990000 - 0x00007ffed7b56000 	C:\WINDOWS\System32\USER32.dll
0x00007ffec0500000 - 0x00007ffec0792000 	C:\WINDOWS\WinSxS\amd64_microsoft.windows.common-controls_6595b64144ccf1df_6.0.26100.8328_none_3e08182ce334b678\COMCTL32.dll
0x00007ffed6330000 - 0x00007ffed6357000 	C:\WINDOWS\System32\win32u.dll
0x00007ffed78e0000 - 0x00007ffed7989000 	C:\WINDOWS\System32\msvcrt.dll
0x00007ffed8c10000 - 0x00007ffed8c3b000 	C:\WINDOWS\System32\GDI32.dll
0x00007ffed73e0000 - 0x00007ffed750c000 	C:\WINDOWS\System32\gdi32full.dll
0x00007ffed75d0000 - 0x00007ffed7673000 	C:\WINDOWS\System32\msvcp_win.dll
0x00007ffed9050000 - 0x00007ffed9082000 	C:\WINDOWS\System32\IMM32.DLL
0x00007ffed23f0000 - 0x00007ffed23fc000 	C:\Program Files\JetBrains\PyCharm Community Edition 2024.2.2\jbr\bin\vcruntime140_1.dll
0x00007ffe9e800000 - 0x00007ffe9e88d000 	C:\Program Files\JetBrains\PyCharm Community Edition 2024.2.2\jbr\bin\msvcp140.dll
0x00007ffdcd5d0000 - 0x00007ffdce382000 	C:\Program Files\JetBrains\PyCharm Community Edition 2024.2.2\jbr\bin\server\jvm.dll
0x00007ffed8010000 - 0x00007ffed80c6000 	C:\WINDOWS\System32\ADVAPI32.dll
0x00007ffed80d0000 - 0x00007ffed8177000 	C:\WINDOWS\System32\sechost.dll
0x00007ffed7b60000 - 0x00007ffed7c78000 	C:\WINDOWS\System32\RPCRT4.dll
0x00007ffed97c0000 - 0x00007ffed9840000 	C:\WINDOWS\System32\WS2_32.dll
0x00007ffed4f30000 - 0x00007ffed4f8e000 	C:\WINDOWS\SYSTEM32\POWRPROF.dll
0x00007ffecbea0000 - 0x00007ffecbed6000 	C:\WINDOWS\SYSTEM32\WINMM.dll
0x00007ffed0630000 - 0x00007ffed063b000 	C:\WINDOWS\SYSTEM32\VERSION.dll
0x00007ffed4f10000 - 0x00007ffed4f24000 	C:\WINDOWS\SYSTEM32\UMPDC.dll
0x00007ffed51e0000 - 0x00007ffed51fb000 	C:\WINDOWS\SYSTEM32\kernel.appcore.dll
0x00007ffed1ab0000 - 0x00007ffed1aba000 	C:\Program Files\JetBrains\PyCharm Community Edition 2024.2.2\jbr\bin\jimage.dll
0x00007ffec5480000 - 0x00007ffec56c2000 	C:\WINDOWS\SYSTEM32\DBGHELP.DLL
0x00007ffed7c80000 - 0x00007ffed8003000 	C:\WINDOWS\System32\combase.dll
0x00007ffed8da0000 - 0x00007ffed8e79000 	C:\WINDOWS\System32\OLEAUT32.dll
0x00007ffec3970000 - 0x00007ffec39ab000 	C:\WINDOWS\SYSTEM32\dbgcore.DLL
0x00007ffed7330000 - 0x00007ffed73d8000 	C:\WINDOWS\System32\bcryptPrimitives.dll
0x00007ffec5110000 - 0x00007ffec512f000 	C:\Program Files\JetBrains\PyCharm Community Edition 2024.2.2\jbr\bin\java.dll

dbghelp: loaded successfully - version: 4.0.5 - missing functions: none
symbol engine: initialized successfully - sym options: 0x614 - pdb path: .;C:\Program Files\JetBrains\PyCharm Community Edition 2024.2.2\jbr\bin;C:\WINDOWS\SYSTEM32;C:\WINDOWS\WinSxS\amd64_microsoft.windows.common-controls_6595b64144ccf1df_6.0.26100.8328_none_3e08182ce334b678;C:\Program Files\JetBrains\PyCharm Community Edition 2024.2.2\jbr\bin\server

VM Arguments:
java_command: git4idea.http.GitAskPassApp Username for 'https://github.com': 
java_class_path (initial): C:/Program Files/JetBrains/PyCharm Community Edition 2024.2.2/plugins/vcs-git/lib/git4idea-rt.jar;C:/Program Files/JetBrains/PyCharm Community Edition 2024.2.2/lib/externalProcess-rt.jar
Launcher Type: SUN_STANDARD

[Global flags]
     intx CICompilerCount                          = 15                                        {product} {ergonomic}
     uint ConcGCThreads                            = 6                                         {product} {ergonomic}
     uint G1ConcRefinementThreads                  = 23                                        {product} {ergonomic}
   size_t G1HeapRegionSize                         = 2097152                                   {product} {ergonomic}
    uintx GCDrainStackTargetSize                   = 64                                        {product} {ergonomic}
   size_t InitialHeapSize                          = 255852544                                 {product} {ergonomic}
   size_t MarkStackSize                            = 4194304                                   {product} {ergonomic}
   size_t MaxHeapSize                              = 4085252096                                {product} {ergonomic}
   size_t MinHeapDeltaBytes                        = 2097152                                   {product} {ergonomic}
   size_t MinHeapSize                              = 8388608                                   {product} {ergonomic}
    uintx NonNMethodCodeHeapSize                   = 8192380                                {pd product} {ergonomic}
    uintx NonProfiledCodeHeapSize                  = 121732930                              {pd product} {ergonomic}
    uintx ProfiledCodeHeapSize                     = 121732930                              {pd product} {ergonomic}
    uintx ReservedCodeCacheSize                    = 251658240                              {pd product} {ergonomic}
     bool SegmentedCodeCache                       = true                                      {product} {ergonomic}
   size_t SoftMaxHeapSize                          = 4085252096                             {manageable} {ergonomic}
     bool UseCompressedOops                        = true                           {product lp64_product} {ergonomic}
     bool UseG1GC                                  = true                                      {product} {ergonomic}
     bool UseLargePagesIndividualAllocation        = false                                  {pd product} {ergonomic}

Logging:
Log output configuration:
 #0: stdout all=warning uptime,level,tags foldmultilines=false
 #1: stderr all=off uptime,level,tags foldmultilines=false

Environment Variables:
PATH=C:/Program Files/Git/mingw64/libexec/git-core;C:/Program Files/Git/mingw64/libexec/git-core;C:\Program Files\Git\mingw64\bin;C:\Program Files\Git\usr\bin;C:\Users\mathi\bin;C:\Users\mathi\Documents\CPsolversExperiments\.venv\Scripts;C:\Program Files\NVIDIA GPU Computing Toolkit\CUDA\v12.3\bin;C:\Program Files\NVIDIA GPU Computing Toolkit\CUDA\v12.3\libnvvp;C:\Program Files\Common Files\Oracle\Java\javapath;C:\Program Files (x86)\Common Files\Oracle\Java\java8path;C:\Program Files (x86)\Common Files\Oracle\Java\javapath;C:\WINDOWS\system32;C:\WINDOWS;C:\WINDOWS\System32\Wbem;C:\WINDOWS\System32\WindowsPowerShell\v1.0\;C:\WINDOWS\System32\OpenSSH\;C:\Program Files (x86)\NVIDIA Corporation\PhysX\Common;C:\Program Files\NVIDIA Corporation\NVIDIA NvDLISR;C:\Program Files\dotnet\;C:\Program Files\Java\jdk-23\bin;C:\Program Files\Git\cmd;C:\Program Files\NVIDIA Corporation\Nsight Compute 2023.3.0\;C:\Users\mathi\miniconda3;C:\Users\mathi\miniconda3\Library\mingw-w64\bin;C:\Users\mathi\miniconda3\Library\usr\bin;C:\Users\mathi\miniconda3\Library\bin;C:\Users\mathi\miniconda3\Scripts;$env:PATH;C:\Users\mathi\AppData\Local\Programs\Python\Python312;C:\Users\mathi\AppData\Local\Programs\Python\Python312\Scripts;C:\Users\mathi\AppData\Local\Programs\Microsoft VS Code\bin;C:\Users\mathi\AppData\Local\Programs\MiKTeX\miktex\bin\x64\
USERNAME=mathi
DISPLAY=:0.0
LC_ALL=en_US.UTF-8
TERM=xterm-256color
TMPDIR=C:\Users\mathi\AppData\Local\Temp
OS=Windows_NT
PROCESSOR_IDENTIFIER=AMD64 Family 25 Model 97 Stepping 2, AuthenticAMD
TMP=C:\Users\mathi\AppData\Local\Temp
TEMP=C:\Users\mathi\AppData\Local\Temp




Periodic native trim disabled

JNI global refs:
JNI global refs: 0, weak refs: 0

JNI global refs memory usage: 0, weak refs: 0

Process memory usage:
Resident Set Size: 12440K (0% of 15957424K total physical memory with 2489444K free physical memory)

OOME stack traces (most recent first):
Classloader memory used:

---------------  S Y S T E M  ---------------

OS:
 Windows 11 , 64 bit Build 26100 (10.0.26100.8328)
OS uptime: 4 days 5:22 hours
Hyper-V role detected

CPU: total 32 (initial active 32) (32 cores per cpu, 2 threads per core) family 25 model 97 stepping 2 microcode 0xa601209, cx8, cmov, fxsr, ht, mmx, 3dnowpref, sse, sse2, sse3, ssse3, sse4a, sse4.1, sse4.2, popcnt, lzcnt, tsc, tscinvbit, avx, avx2, aes, erms, clmul, bmi1, bmi2, adx, avx512f, avx512dq, avx512cd, avx512bw, avx512vl, sha, fma, vzeroupper, avx512_vpopcntdq, avx512_vpclmulqdq, avx512_vaes, avx512_vnni, clflush, clflushopt, avx512_vbmi2, avx512_vbmi, hv, rdtscp, rdpid, fsrm, gfni, avx512_bitalg, f16c, cet_ss, avx512_ifma
Processor Information for all 32 processors :
  Max Mhz: 2401, Current Mhz: 1984, Mhz Limit: 2401

Memory: 4k page, system-wide physical 15583M (2430M free)
TotalPageFile size 26732M (AvailPageFile size 5M)
current process WorkingSet (physical memory assigned to process): 12M, peak: 12M
current process commit charge ("private bytes"): 23M, peak: 24M

vm_info: OpenJDK 64-Bit Server VM (21.0.3+13-b509.15) for windows-amd64 JRE (21.0.3+13-b509.15), built on 2024-09-04 by "builduser" with MS VC++ 16.10 / 16.11 (VS2019)

END.
